// Jest Snapshot v1, https://goo.gl/fbAQLP

exports[`Test App render header 1`] = `
<input
  placeholder="input value...."
  type="text"
/>
`;
